// Jest Snapshot v1, https://goo.gl/fbAQLP

exports[`AppHeader should render correctly 1`] = `ShallowWrapper {}`;
