// Jest Snapshot v1, https://goo.gl/fbAQLP

exports[`NewsItemCard should render correctly 1`] = `ShallowWrapper {}`;
